> Task :app:preBuild UP-TO-DATE
> Task :app:preDebugBuild UP-TO-DATE
> Task :app:mergeDebugNativeDebugMetadata NO-SOURCE
> Task :app:generateDebugResources UP-TO-DATE
> Task :app:packageDebugResources UP-TO-DATE
> Task :app:processDebugNavigationResources UP-TO-DATE
> Task :app:parseDebugLocalResources UP-TO-DATE
> Task :app:generateDebugRFile UP-TO-DATE
> Task :app:javaPreCompileDebug UP-TO-DATE
> Task :app:generateDebugAssets UP-TO-DATE
> Task :app:mergeDebugAssets UP-TO-DATE
> Task :app:compressDebugAssets UP-TO-DATE
> Task :app:checkDebugDuplicateClasses UP-TO-DATE
> Task :app:desugarDebugFileDependencies UP-TO-DATE
> Task :app:mergeExtDexDebug UP-TO-DATE
> Task :app:mergeLibDexDebug UP-TO-DATE
> Task :app:checkDebugAarMetadata UP-TO-DATE
> Task :app:compileDebugNavigationResources UP-TO-DATE
> Task :app:mapDebugSourceSetPaths UP-TO-DATE
> Task :app:mergeDebugResources UP-TO-DATE
> Task :app:createDebugCompatibleScreenManifests UP-TO-DATE
> Task :app:extractDeepLinksDebug UP-TO-DATE
> Task :app:processDebugMainManifest UP-TO-DATE
> Task :app:processDebugManifest UP-TO-DATE
> Task :app:processDebugManifestForPackage UP-TO-DATE
> Task :app:mergeDebugJniLibFolders UP-TO-DATE
> Task :app:mergeDebugNativeLibs NO-SOURCE
> Task :app:stripDebugDebugSymbols NO-SOURCE
> Task :app:validateSigningDebug UP-TO-DATE
> Task :app:writeDebugAppMetadata UP-TO-DATE
> Task :app:writeDebugSigningConfigVersions UP-TO-DATE
> Task :app:processDebugResources FAILED

> Task :app:compileDebugKotlin FAILED
./gradlew : e: file:
///C:/Users/chait/An
droidStudioProjects/
ProsthoPlanner/app/s
rc/main/java/com/sim
ats/prosthoplanner/E
ditProfessionalProfi
leActivity.kt:87:69 
Only safe (?.) or 
non-null asserted 
(!!.) calls are 
allowed on a 
nullable receiver 
of type 'String?'.
At line:1 char:1
+ ./gradlew 
assembleDebug > 
build_output.txt 
2>&1
+ ~~~~~~~~~~~~~~~~~~
~~~~~~~~~~~~~~~~~~~~
~~~~~~~~~
    + CategoryInfo  
            : NotS  
  pecified: (e: f   
 ile:///C:/U...t    
ype 'String?'.:    
String) [], Rem    
oteException
    + FullyQualifie 
   dErrorId : Nati  
  veCommandError
 

FAILURE: Build 
completed with 2 
failures.

1: Task failed with 
an exception.
-----------
* What went wrong:
Execution failed 
for task ':app:proce
ssDebugResources'.
> A failure 
occurred while 
executing com.androi
d.build.gradle.inter
nal.res.LinkApplicat
ionAndroidResourcesT
ask$TaskAction
   > Android 
resource linking 
failed
     com.simats.pros
thoplanner.app-merge
DebugResources-35:/v
alues/values.xml:640
8: error: style 
attribute 'app:attr/
boxStrokeWidth' not 
found.
     com.simats.pros
thoplanner.app-merge
DebugResources-35:/v
alues/values.xml:640
9: error: style 
attribute 'app:attr/
boxStrokeWidthFocuse
d' not found.
     com.simats.pros
thoplanner.app-merge
DebugResources-35:/v
alues/values.xml:641
0: error: style 
attribute 'app:attr/
hintEnabled' not 
found.
     com.simats.pros
thoplanner.app-merge
DebugResources-35:/v
alues/values.xml:641
1: error: style 
attribute 'app:attr/
startIconTint' not 
found.
     com.simats.pros
thoplanner.app-merge
DebugResources-35:/v
alues/values.xml:641
6: error: style 
attribute 'app:attr/
boxStrokeWidth' not 
found.
     com.simats.pros
thoplanner.app-merge
DebugResources-35:/v
alues/values.xml:641
7: error: style 
attribute 'app:attr/
boxStrokeWidthFocuse
d' not found.
     com.simats.pros
thoplanner.app-merge
DebugResources-35:/v
alues/values.xml:641
8: error: style 
attribute 'app:attr/
hintEnabled' not 
found.
     com.simats.pros
thoplanner.app-merge
DebugResources-35:/v
alues/values.xml:641
9: error: style 
attribute 'app:attr/
startIconTint' not 
found.
     com.simats.pros
thoplanner.app-merge
DebugResources-35:/v
alues/values.xml:674
9: error: style 
attribute 
'app:attr/tint' not 
found.
     com.simats.pros
thoplanner.app-merge
DebugResources-35:/v
alues/values.xml:676
0: error: style 
attribute 
'app:attr/tint' not 
found.
     error: failed 
linking references.


* Try:
> Run with 
--stacktrace option 
to get the stack 
trace.
> Run with --info 
or --debug option 
to get more log 
output.
> Run with --scan 
to generate a Build 
Scan (Powered by 
Develocity).
> Get more help at h
ttps://help.gradle.o
rg.
====================
====================
====================
==================

2: Task failed with 
an exception.
-----------
* What went wrong:
Execution failed 
for task ':app:compi
leDebugKotlin'.
> A failure 
occurred while 
executing org.jetbra
ins.kotlin.compilerR
unner.GradleCompiler
RunnerWithWorkers$Gr
adleKotlinCompilerWo
rkAction
   > Compilation 
error. See log for 
more details

* Try:
> Run with 
--stacktrace option 
to get the stack 
trace.
> Run with --info 
or --debug option 
to get more log 
output.
> Run with --scan 
to generate a Build 
Scan (Powered by 
Develocity).
> Get more help at h
ttps://help.gradle.o
rg.
====================
====================
====================
==================

BUILD FAILED in 45s
27 actionable tasks: 2 executed, 25 up-to-date
